[K[K[K[K[K[K[K[K[K[K[K[K[K[K[K[K[K[K[K[K[K[Kcd ~/Desktop/Website 
bash: cd: /stor/home/pll473/Desktop/Website: No such file or directory
]0;/stor/home/pll473/Website]0;pll473@educcomp01: ~/Website[01;32mpll473@educcomp01[00m:[01;34m~/Website[00m$ 
]0;/stor/home/pll473/Website]0;pll473@educcomp01: ~/Website[01;32mpll473@educcomp01[00m:[01;34m~/Website[00m$ git init 
Reinitialized existing Git repository in /stor/home/pll473/Website/.git/
]0;/stor/home/pll473/Website]0;pll473@educcomp01: ~/Website[01;32mpll473@educcomp01[00m:[01;34m~/Website[00m$ git add . 
love/Wesbsite.git 
git push origin master]0;/stor/home/pll473/Website]0;pll473@educcomp01: ~/Website[01;32mpll473@educcomp01[00m:[01;34m~/Website[00m$ git commit -m "first website commit"
[master 8dddbea] first website commit
 Committer: Peyton Love <pll473@educcomp01.ccbb.utexas.edu>
Your name and email address were configured automatically based
on your username and hostname. Please check that they are accurate.
You can suppress this message by setting them explicitly. Run the
following command and follow the instructions in your editor to edit
your configuration file:

    git config --global --edit

After doing this, you may fix the identity used for this commit with:

    git commit --amend --reset-author

 1 file changed, 8 insertions(+), 127 deletions(-)
 rewrite .Rproj.user/CA4AA29A/console06/F83D6422 (89%)
]0;/stor/home/pll473/Website]0;pll473@educcomp01: ~/Website[01;32mpll473@educcomp01[00m:[01;34m~/Website[00m$ git remote add origin https://github.com/peytonlove/Wesbsite.git 
usage: git remote add [<options>] <name> <url>

    -f, --fetch           fetch the remote branches
    --tags                import all tags and associated objects when fetching
                          or do not fetch any tag at all (--no-tags)
    -t, --track <branch>  branch(es) to track
    -m, --master <branch>
                          master branch
    --mirror[=<push|fetch>]
                          set up remote as a mirror to push to or fetch from

]0;/stor/home/pll473/Website]0;pll473@educcomp01: ~/Website[01;32mpll473@educcomp01[00m:[01;34m~/Website[00m$ git push origin master
Username for 'https://github.com': peytonlove
Password for 'https://peytonlove@github.com': 
remote: Repository not found.
fatal: repository 'https://github.com/USERNAME/WEBSITE_REPOSITORY.git/' not found
]0;/stor/home/pll473/Website]0;pll473@educcomp01: ~/Website[01;32mpll473@educcomp01[00m:[01;34m~/Website[00m$ cd ~/Desktop/Website 
bash: cd: /stor/home/pll473/Desktop/Website: No such file or directory
]0;/stor/home/pll473/Website]0;pll473@educcomp01: ~/Website[01;32mpll473@educcomp01[00m:[01;34m~/Website[00m$ 
]0;/stor/home/pll473/Website]0;pll473@educcomp01: ~/Website[01;32mpll473@educcomp01[00m:[01;34m~/Website[00m$ git init 
Reinitialized existing Git repository in /stor/home/pll473/Website/.git/
]0;/stor/home/pll473/Website]0;pll473@educcomp01: ~/Website[01;32mpll473@educcomp01[00m:[01;34m~/Website[00m$ git add . 
love/Website.git 
git push origin master]0;/stor/home/pll473/Website]0;pll473@educcomp01: ~/Website[01;32mpll473@educcomp01[00m:[01;34m~/Website[00m$ git commit -m "first website commit"
[master f4970f3] first website commit
 Committer: Peyton Love <pll473@educcomp01.ccbb.utexas.edu>
Your name and email address were configured automatically based
on your username and hostname. Please check that they are accurate.
You can suppress this message by setting them explicitly. Run the
following command and follow the instructions in your editor to edit
your configuration file:

    git config --global --edit

After doing this, you may fix the identity used for this commit with:

    git commit --amend --reset-author

 1 file changed, 43 insertions(+)
]0;/stor/home/pll473/Website]0;pll473@educcomp01: ~/Website[01;32mpll473@educcomp01[00m:[01;34m~/Website[00m$ git remote add origin https://github.com/peytonlove/Website.git 
usage: git remote add [<options>] <name> <url>

    -f, --fetch           fetch the remote branches
    --tags                import all tags and associated objects when fetching
                          or do not fetch any tag at all (--no-tags)
    -t, --track <branch>  branch(es) to track
    -m, --master <branch>
                          master branch
    --mirror[=<push|fetch>]
                          set up remote as a mirror to push to or fetch from

]0;/stor/home/pll473/Website]0;pll473@educcomp01: ~/Website[01;32mpll473@educcomp01[00m:[01;34m~/Website[00m$ git push origin master
Username for 'https://github.com': peytonlove
Password for 'https://peytonlove@github.com': 
remote: Invalid username or password.
fatal: Authentication failed for 'https://github.com/USERNAME/WEBSITE_REPOSITORY.git/'
]0;/stor/home/pll473/Website]0;pll473@educcomp01: ~/Website[01;32mpll473@educcomp01[00m:[01;34m~/Website[00m$ cd ~/Desktop/Website 
bash: cd: /stor/home/pll473/Desktop/Website: No such file or directory
]0;/stor/home/pll473/Website]0;pll473@educcomp01: ~/Website[01;32mpll473@educcomp01[00m:[01;34m~/Website[00m$ 
]0;/stor/home/pll473/Website]0;pll473@educcomp01: ~/Website[01;32mpll473@educcomp01[00m:[01;34m~/Website[00m$ git init 
Reinitialized existing Git repository in /stor/home/pll473/Website/.git/
]0;/stor/home/pll473/Website]0;pll473@educcomp01: ~/Website[01;32mpll473@educcomp01[00m:[01;34m~/Website[00m$ git add . 
]0;/stor/home/pll473/Website]0;pll473@educcomp01: ~/Website[01;32mpll473@educcomp01[00m:[01;34m~/Website[00m$ git commit -m "first website commit"
[master 4b8c0e4] first website commit
 Committer: Peyton Love <pll473@educcomp01.ccbb.utexas.edu>
Your name and email address were configured automatically based
on your username and hostname. Please check that they are accurate.
You can suppress this message by setting them explicitly. Run the
following command and follow the instructions in your editor to edit
your configuration file:

    git config --global --edit

After doing this, you may fix the identity used for this commit with:

    git commit --amend --reset-author

 1 file changed, 35 insertions(+)
]0;/stor/home/pll473/Website]0;pll473@educcomp01: ~/Website[01;32mpll473@educcomp01[00m:[01;34m~/Website[00m$ git remote add origin https://github.com/peytonlove/Website.git 
usage: git remote add [<options>] <name> <url>

    -f, --fetch           fetch the remote branches
    --tags                import all tags and associated objects when fetching
                          or do not fetch any tag at all (--no-tags)
    -t, --track <branch>  branch(es) to track
    -m, --master <branch>
                          master branch
    --mirror[=<push|fetch>]
                          set up remote as a mirror to push to or fetch from

]0;/stor/home/pll473/Website]0;pll473@educcomp01: ~/Website[01;32mpll473@educcomp01[00m:[01;34m~/Website[00m$ git push origin master
Username for 'https://github.com': peytonlove	
Password for 'https://peytonlove@github.com': 
remote: Repository not found.
fatal: repository 'https://github.com/USERNAME/WEBSITE_REPOSITORY.git/' not found
]0;/stor/home/pll473/Website]0;pll473@educcomp01: ~/Website[01;32mpll473@educcomp01[00m:[01;34m~/Website[00m$ cd ~/Desktop/Website 
bash: cd: /stor/home/pll473/Desktop/Website: No such file or directory
]0;/stor/home/pll473/Website]0;pll473@educcomp01: ~/Website[01;32mpll473@educcomp01[00m:[01;34m~/Website[00m$ 
]0;/stor/home/pll473/Website]0;pll473@educcomp01: ~/Website[01;32mpll473@educcomp01[00m:[01;34m~/Website[00m$ git init 
love/Website.git
git push origin masterReinitialized existing Git repository in /stor/home/pll473/Website/.git/
]0;/stor/home/pll473/Website]0;pll473@educcomp01: ~/Website[01;32mpll473@educcomp01[00m:[01;34m~/Website[00m$ git add . 
]0;/stor/home/pll473/Website]0;pll473@educcomp01: ~/Website[01;32mpll473@educcomp01[00m:[01;34m~/Website[00m$ git commit -m "first website commit"
[master 3708483] first website commit
 Committer: Peyton Love <pll473@educcomp01.ccbb.utexas.edu>
Your name and email address were configured automatically based
on your username and hostname. Please check that they are accurate.
You can suppress this message by setting them explicitly. Run the
following command and follow the instructions in your editor to edit
your configuration file:

    git config --global --edit

After doing this, you may fix the identity used for this commit with:

    git commit --amend --reset-author

 1 file changed, 47 insertions(+), 1 deletion(-)
]0;/stor/home/pll473/Website]0;pll473@educcomp01: ~/Website[01;32mpll473@educcomp01[00m:[01;34m~/Website[00m$ git remote add origin https://github.com/peytonlove/Website.git
usage: git remote add [<options>] <name> <url>

    -f, --fetch           fetch the remote branches
    --tags                import all tags and associated objects when fetching
                          or do not fetch any tag at all (--no-tags)
    -t, --track <branch>  branch(es) to track
    -m, --master <branch>
                          master branch
    --mirror[=<push|fetch>]
                          set up remote as a mirror to push to or fetch from

]0;/stor/home/pll473/Website]0;pll473@educcomp01: ~/Website[01;32mpll473@educcomp01[00m:[01;34m~/Website[00m$ git push origin master
Username for 'https://github.com': peytonlove
Password for 'https://peytonlove@github.com': 
remote: Repository not found.
fatal: repository 'https://github.com/USERNAME/WEBSITE_REPOSITORY.git/' not found
]0;/stor/home/pll473/Website]0;pll473@educcomp01: ~/Website[01;32mpll473@educcomp01[00m:[01;34m~/Website[00m$ cd ~/Desktop/Website 
bash: cd: /stor/home/pll473/Desktop/Website: No such file or directory
]0;/stor/home/pll473/Website]0;pll473@educcomp01: ~/Website[01;32mpll473@educcomp01[00m:[01;34m~/Website[00m$ 
]0;/stor/home/pll473/Website]0;pll473@educcomp01: ~/Website[01;32mpll473@educcomp01[00m:[01;34m~/Website[00m$ git init 
Reinitialized existing Git repository in /stor/home/pll473/Website/.git/
]0;/stor/home/pll473/Website]0;pll473@educcomp01: ~/Website[01;32mpll473@educcomp01[00m:[01;34m~/Website[00m$ git add . 
love/Website.git
git push origin master]0;/stor/home/pll473/Website]0;pll473@educcomp01: ~/Website[01;32mpll473@educcomp01[00m:[01;34m~/Website[00m$ git commit -m "first website commit"
[master 961f5d1] first website commit
 Committer: Peyton Love <pll473@educcomp01.ccbb.utexas.edu>
Your name and email address were configured automatically based
on your username and hostname. Please check that they are accurate.
You can suppress this message by setting them explicitly. Run the
following command and follow the instructions in your editor to edit
your configuration file:

    git config --global --edit

After doing this, you may fix the identity used for this commit with:

    git commit --amend --reset-author

 1 file changed, 41 insertions(+)
]0;/stor/home/pll473/Website]0;pll473@educcomp01: ~/Website[01;32mpll473@educcomp01[00m:[01;34m~/Website[00m$ git remote add origin https://github.com/peytonlove/Website.git
usage: git remote add [<options>] <name> <url>

    -f, --fetch           fetch the remote branches
    --tags                import all tags and associated objects when fetching
                          or do not fetch any tag at all (--no-tags)
    -t, --track <branch>  branch(es) to track
    -m, --master <branch>
                          master branch
    --mirror[=<push|fetch>]
                          set up remote as a mirror to push to or fetch from

]0;/stor/home/pll473/Website]0;pll473@educcomp01: ~/Website[01;32mpll473@educcomp01[00m:[01;34m~/Website[00m$ git push origin mastergit remote set-url origin[K[K[K[K[K[K[K[K[K[K[K[K[K[K[K[K[K[K[K[K[K[K[K[K[K[K[K[K[K[K[K[K[K[K[K[K[K[K[K[K[K[K[K[K[K[K[Kgit remote set-url origin https://github.com/peytonlove/Website.git
]0;/stor/home/pll473/Website]0;pll473@educcomp01: ~/Website[01;32mpll473@educcomp01[00m:[01;34m~/Website[00m$ cd ~/Desktop/Website 
bash: cd: /stor/home/pll473/Desktop/Website: No such file or directory
]0;/stor/home/pll473/Website]0;pll473@educcomp01: ~/Website[01;32mpll473@educcomp01[00m:[01;34m~/Website[00m$ 
]0;/stor/home/pll473/Website]0;pll473@educcomp01: ~/Website[01;32mpll473@educcomp01[00m:[01;34m~/Website[00m$ git init 
Reinitialized existing Git repository in /stor/home/pll473/Website/.git/
]0;/stor/home/pll473/Website]0;pll473@educcomp01: ~/Website[01;32mpll473@educcomp01[00m:[01;34m~/Website[00m$ git add . 
love/Website.git
git push origin master]0;/stor/home/pll473/Website]0;pll473@educcomp01: ~/Website[01;32mpll473@educcomp01[00m:[01;34m~/Website[00m$ git commit -m "first website commit"
[master f5ab956] first website commit
 Committer: Peyton Love <pll473@educcomp01.ccbb.utexas.edu>
Your name and email address were configured automatically based
on your username and hostname. Please check that they are accurate.
You can suppress this message by setting them explicitly. Run the
following command and follow the instructions in your editor to edit
your configuration file:

    git config --global --edit

After doing this, you may fix the identity used for this commit with:

    git commit --amend --reset-author

 1 file changed, 30 insertions(+), 1 deletion(-)
]0;/stor/home/pll473/Website]0;pll473@educcomp01: ~/Website[01;32mpll473@educcomp01[00m:[01;34m~/Website[00m$ git remote add origin https://github.com/peytonlove/Website.git
usage: git remote add [<options>] <name> <url>

    -f, --fetch           fetch the remote branches
    --tags                import all tags and associated objects when fetching
                          or do not fetch any tag at all (--no-tags)
    -t, --track <branch>  branch(es) to track
    -m, --master <branch>
                          master branch
    --mirror[=<push|fetch>]
                          set up remote as a mirror to push to or fetch from

]0;/stor/home/pll473/Website]0;pll473@educcomp01: ~/Website[01;32mpll473@educcomp01[00m:[01;34m~/Website[00m$ git push origin master
Username for 'https://github.com': peytonlove
Password for 'https://peytonlove@github.com': 
Counting objects: 258, done.
Delta compression using up to 16 threads.
Compressing objects:   0% (1/235)   Compressing objects:   1% (3/235)   Compressing objects:   2% (5/235)   Compressing objects:   3% (8/235)   Compressing objects:   4% (10/235)   Compressing objects:   5% (12/235)   Compressing objects:   6% (15/235)   Compressing objects:   7% (17/235)   Compressing objects:   8% (19/235)   Compressing objects:   9% (22/235)   Compressing objects:  10% (24/235)   Compressing objects:  11% (26/235)   Compressing objects:  12% (29/235)   Compressing objects:  13% (31/235)   Compressing objects:  14% (33/235)   Compressing objects:  15% (36/235)   Compressing objects:  16% (38/235)   Compressing objects:  17% (40/235)   Compressing objects:  18% (43/235)   Compressing objects:  19% (45/235)   Compressing objects:  20% (47/235)   Compressing objects:  21% (50/235)   Compressing objects:  22% (52/235)   Compressing objects:  23% (55/235)   Compressing objects:  24% (57/235)   Compressing objects:  25% (59/235)   Compressing objects:  26% (62/235)   Compressing objects:  27% (64/235)   Compressing objects:  28% (66/235)   Compressing objects:  29% (69/235)   Compressing objects:  30% (71/235)   Compressing objects:  31% (73/235)   Compressing objects:  32% (76/235)   Compressing objects:  33% (78/235)   Compressing objects:  34% (80/235)   Compressing objects:  35% (83/235)   Compressing objects:  36% (85/235)   Compressing objects:  37% (87/235)   Compressing objects:  38% (90/235)   Compressing objects:  39% (92/235)   Compressing objects:  40% (94/235)   Compressing objects:  41% (97/235)   Compressing objects:  42% (99/235)   Compressing objects:  43% (102/235)   Compressing objects:  44% (104/235)   Compressing objects:  45% (106/235)   Compressing objects:  46% (109/235)   Compressing objects:  47% (111/235)   Compressing objects:  48% (113/235)   Compressing objects:  49% (116/235)   Compressing objects:  50% (118/235)   Compressing objects:  51% (120/235)   Compressing objects:  52% (123/235)   Compressing objects:  53% (125/235)   Compressing objects:  54% (127/235)   Compressing objects:  55% (130/235)   Compressing objects:  56% (132/235)   Compressing objects:  57% (134/235)   Compressing objects:  58% (137/235)   Compressing objects:  59% (139/235)   Compressing objects:  60% (141/235)   Compressing objects:  61% (144/235)   Compressing objects:  62% (146/235)   Compressing objects:  63% (149/235)   Compressing objects:  64% (151/235)   Compressing objects:  65% (153/235)   Compressing objects:  66% (156/235)   Compressing objects:  67% (158/235)   Compressing objects:  68% (160/235)   Compressing objects:  69% (163/235)   Compressing objects:  70% (165/235)   Compressing objects:  71% (167/235)   Compressing objects:  72% (170/235)   Compressing objects:  73% (172/235)   Compressing objects:  74% (174/235)   Compressing objects:  75% (177/235)   Compressing objects:  76% (179/235)   Compressing objects:  77% (181/235)   Compressing objects:  78% (184/235)   Compressing objects:  79% (186/235)   Compressing objects:  80% (188/235)   Compressing objects:  81% (191/235)   Compressing objects:  82% (193/235)   Compressing objects:  83% (196/235)   Compressing objects:  84% (198/235)   Compressing objects:  85% (200/235)   Compressing objects:  86% (203/235)   Compressing objects:  87% (205/235)   Compressing objects:  88% (207/235)   Compressing objects:  89% (210/235)   Compressing objects:  90% (212/235)   Compressing objects:  91% (214/235)   Compressing objects:  92% (217/235)   Compressing objects:  93% (219/235)   Compressing objects:  94% (221/235)   Compressing objects:  95% (224/235)   Compressing objects:  96% (226/235)   Compressing objects:  97% (228/235)   Compressing objects:  98% (231/235)   Compressing objects:  99% (233/235)   Compressing objects: 100% (235/235)   Compressing objects: 100% (235/235), done.
Writing objects:   0% (1/258)   Writing objects:   1% (3/258)   Writing objects:   2% (6/258)   Writing objects:   3% (8/258)   Writing objects:   4% (11/258)   Writing objects:   5% (13/258)   Writing objects:   6% (16/258)   Writing objects:   7% (20/258)   Writing objects:   8% (21/258)   Writing objects:   9% (24/258)   Writing objects:  10% (26/258)   Writing objects:  11% (29/258)   Writing objects:  12% (32/258)   Writing objects:  13% (34/258)   Writing objects:  15% (39/258)   Writing objects:  16% (42/258)   Writing objects:  17% (44/258)   Writing objects:  18% (47/258)   Writing objects:  19% (50/258)   Writing objects:  20% (52/258)   Writing objects:  21% (55/258)   Writing objects:  22% (58/258)   Writing objects:  23% (60/258)   Writing objects:  24% (62/258)   Writing objects:  25% (65/258)   Writing objects:  26% (68/258)   Writing objects:  27% (70/258)   Writing objects:  29% (75/258)   Writing objects:  30% (78/258)   Writing objects:  31% (80/258)   Writing objects:  32% (83/258)   Writing objects:  33% (86/258)   Writing objects:  34% (88/258)   Writing objects:  35% (91/258)   Writing objects:  36% (93/258)   Writing objects:  37% (96/258)   Writing objects:  38% (99/258)   Writing objects:  39% (101/258)   Writing objects:  40% (104/258)   Writing objects:  41% (106/258)   Writing objects:  42% (109/258)   Writing objects:  43% (111/258), 1.35 MiB | 2.66 MiB/s   Writing objects:  44% (114/258), 1.35 MiB | 2.66 MiB/s   Writing objects:  45% (117/258), 1.35 MiB | 2.66 MiB/s   Writing objects:  46% (119/258), 1.35 MiB | 2.66 MiB/s   Writing objects:  47% (122/258), 1.35 MiB | 2.66 MiB/s   Writing objects:  48% (124/258), 1.35 MiB | 2.66 MiB/s   Writing objects:  49% (127/258), 1.35 MiB | 2.66 MiB/s   Writing objects:  50% (129/258), 1.35 MiB | 2.66 MiB/s   Writing objects:  51% (132/258), 1.35 MiB | 2.66 MiB/s   Writing objects:  52% (135/258), 1.35 MiB | 2.66 MiB/s   Writing objects:  53% (137/258), 1.35 MiB | 2.66 MiB/s   Writing objects:  54% (140/258), 1.35 MiB | 2.66 MiB/s   Writing objects:  55% (142/258), 1.35 MiB | 2.66 MiB/s   Writing objects:  56% (145/258), 1.35 MiB | 2.66 MiB/s   Writing objects:  57% (148/258), 1.35 MiB | 2.66 MiB/s   Writing objects:  58% (150/258), 1.35 MiB | 2.66 MiB/s   Writing objects:  59% (153/258), 1.35 MiB | 2.66 MiB/s   Writing objects:  60% (155/258), 1.35 MiB | 2.66 MiB/s   Writing objects:  61% (158/258), 1.35 MiB | 2.66 MiB/s   Writing objects:  62% (160/258), 1.35 MiB | 2.66 MiB/s   Writing objects:  63% (163/258), 1.35 MiB | 2.66 MiB/s   Writing objects:  64% (166/258), 1.35 MiB | 2.66 MiB/s   Writing objects:  65% (168/258), 1.35 MiB | 2.66 MiB/s   Writing objects:  66% (171/258), 1.35 MiB | 2.66 MiB/s   Writing objects:  67% (173/258), 1.35 MiB | 2.66 MiB/s   Writing objects:  68% (176/258), 1.35 MiB | 2.66 MiB/s   Writing objects:  69% (179/258), 1.35 MiB | 2.66 MiB/s   Writing objects:  70% (181/258), 1.35 MiB | 2.66 MiB/s   Writing objects:  71% (184/258), 1.35 MiB | 2.66 MiB/s   Writing objects:  72% (186/258), 1.35 MiB | 2.66 MiB/s   Writing objects:  73% (189/258), 1.35 MiB | 2.66 MiB/s   Writing objects:  74% (191/258), 1.35 MiB | 2.66 MiB/s   Writing objects:  75% (194/258), 1.35 MiB | 2.66 MiB/s   Writing objects:  76% (197/258), 1.35 MiB | 2.66 MiB/s   Writing objects:  77% (199/258), 1.35 MiB | 2.66 MiB/s   Writing objects:  78% (202/258), 1.35 MiB | 2.66 MiB/s   Writing objects:  79% (204/258), 1.35 MiB | 2.66 MiB/s   Writing objects:  80% (207/258), 1.35 MiB | 2.66 MiB/s   Writing objects:  81% (209/258), 1.35 MiB | 2.66 MiB/s   Writing objects:  82% (212/258), 1.35 MiB | 2.66 MiB/s   Writing objects:  83% (215/258), 1.35 MiB | 2.66 MiB/s   Writing objects:  84% (217/258), 1.35 MiB | 2.66 MiB/s   Writing objects:  85% (220/258), 1.35 MiB | 2.66 MiB/s   Writing objects:  86% (222/258), 1.35 MiB | 2.66 MiB/s   Writing objects:  87% (225/258), 1.35 MiB | 2.66 MiB/s   Writing objects:  88% (228/258), 1.35 MiB | 2.66 MiB/s   Writing objects:  89% (230/258), 1.35 MiB | 2.66 MiB/s   Writing objects:  90% (233/258), 1.35 MiB | 2.66 MiB/s   Writing objects:  91% (235/258), 1.35 MiB | 2.66 MiB/s   Writing objects:  92% (238/258), 1.35 MiB | 2.66 MiB/s   Writing objects:  93% (240/258), 1.35 MiB | 2.66 MiB/s   Writing objects:  94% (243/258), 1.35 MiB | 2.66 MiB/s   Writing objects:  95% (246/258), 1.35 MiB | 2.66 MiB/s   Writing objects:  96% (248/258), 1.35 MiB | 2.66 MiB/s   Writing objects:  97% (251/258), 1.35 MiB | 2.66 MiB/s   Writing objects:  98% (253/258), 1.35 MiB | 2.66 MiB/s   Writing objects:  99% (256/258), 1.35 MiB | 2.66 MiB/s   Writing objects: 100% (258/258), 1.35 MiB | 2.66 MiB/s   Writing objects: 100% (258/258), 4.34 MiB | 5.76 MiB/s, done.
Total 258 (delta 63), reused 0 (delta 0)
remote: Resolving deltas:   0% (0/63)[Kremote: Resolving deltas:   1% (1/63)[Kremote: Resolving deltas:  19% (12/63)[Kremote: Resolving deltas:  34% (22/63)[Kremote: Resolving deltas:  36% (23/63)[Kremote: Resolving deltas:  38% (24/63)[Kremote: Resolving deltas:  42% (27/63)[Kremote: Resolving deltas:  44% (28/63)[Kremote: Resolving deltas:  46% (29/63)[Kremote: Resolving deltas:  47% (30/63)[Kremote: Resolving deltas:  49% (31/63)[Kremote: Resolving deltas:  66% (42/63)[Kremote: Resolving deltas:  71% (45/63)[Kremote: Resolving deltas:  77% (49/63)[Kremote: Resolving deltas:  88% (56/63)[Kremote: Resolving deltas:  90% (57/63)[Kremote: Resolving deltas:  93% (59/63)[Kremote: Resolving deltas: 100% (63/63)[Kremote: Resolving deltas: 100% (63/63), done.[K
To https://github.com/peytonlove/Website.git
 * [new branch]      master -> master
]0;/stor/home/pll473/Website]0;pll473@educcomp01: ~/Website[01;32mpll473@educcomp01[00m:[01;34m~/Website[00m$ [K]0;pll473@educcomp01: ~/Website[01;32mpll473@educcomp01[00m:[01;34m~/Website[00m$ git add .
